[   .000000]nitializing grup subsyscpse
[    0.000000] Initializing cgroup subsys cpu
[    0.000000] Initializing cgroup subsys cpuacct
[    0.000000] Linux version 4.4.0-130-generic (buildd@lgw01-amd64-039) (gcc version 5.4.0 20160609 (Ubuntu 5.4.0-6ubuntu1~16.04.9) ) #156-Ubuntu SMP Thu Jun 14 08:53:28 UTC 2018 (Ubuntu 4.4.0-130.156-generic 4.4.134)
[    0.000000] Command line: BOOT_IMAGE=/boot/vmlinuz-4.4.0-130-generic root=LABEL=cloudimg-rootfs ro console=tty1 console=ttyS0
[    0.000000] KERNEL supported cpus:
[    0.000000]   Intel GenuineIntel
[    0.000000]   AMD AuthenticAMD
[    0.000000]   Centaur CentaurHauls
[    0.000000] x86/fpu: xstate_offset[2]:  576, xstate_sizes[2]:  256
[    0.000000] x86/fpu: Supporting XSAVE feature 0x01: 'x87 floating point registers'
[    0.00000] x8/fpuSupporting XSAVE featue 0x0: 'SSEreisters'
[    0.000000] x86/fpu: Supporting XAV fature0x4:'AVX egstrs'
[    0.0000 x86/fpu:Enbled xstatefetures 0x7, context size is 832 bytes, using 'standard' format.
[    0.000000] x86/fpu: Using 'eager' FPU context switches.
[    0.000000] e820: BIOS-provided physical RAM map:
[    0.000000] BIOS-e820: [mem 0x0000000000000000-0x000000000009fbff] usable
[    0.000000] BIOS-e820: [mem 0x000000000009fc00-0x000000000009ffff] reserved
[    0.000000] BIOS-e820: [mem 0x00000000000f0000-0x00000000000fffff] reserved
[   0.00000] BIOS-e820: [mem 0x0000000010000-0x000000003ffeffff] usab
[    0.000000] BIOS-e820: [mem 0x000000003fff0000-0x000000003fffffff] ACPI data
[    0.000000] BIOS-e820: [mem 0x00000000fec00000-0x00000000fec00fff] reserved
[    0.000000] BIOS-e820: [mem 0x00000000fee00000-0x00000000fee00fff] reserved
[    0.000000] BIOS-e820: [mem 0x0000000ffc0000-0x000000ffffffff] reserved
[    0.000000] NX (Execute Disable) protection: acive
[    0.000000] SMBIOS 2.5 present.
[    0.000000] Hypervisor detected: KVM
[    0.000000] e820: last_pfn = 0x3fff0 max_arch_pfn = 0x40000000
[   .000000]MTR: isabled
[    0.000000 x6/PAT: MTRRs disabled, skipping PAT initialization too.
[    0.000000] CPU MTRRs all blank - virtualized system.
[    0.000000] x86/PAT: Configuration [0-7]: WB WT  UC- UC  WB WT  UC- UC  
[   0.0000] fun SP MP-table at [mem 0x0009fff0-0x0009ffff] mapped at [ffff88000009fff0]
[    0.000000] Scanning 1 areas for low memory coruption
[    0.000000] RAMDISK: [mem 0x361ee00-0x370eefff]
[    0.000000] ACPI: Early table checksum verification disabled
   0000000] ACP RDP 0x00000000000E000000024 (v02 VBOX )[    0.000000] ACPI: XSDT 0x000000003FFF0030 00003C (v01 VBOX   VBOXXSDT 00000001 ASL  00000061)
[    0.000000] ACPI: FACP 0x000000003FFF00F0 0000F4 (v04 VBOX   VBOXFACP 00000001 ASSL  00000061)
[   000000]] ACPI: DT 0x000000003FF0470 0021FF (v02 VBOX   VBOXBIOS 00000002 INTL 20100528)
[    0.000000] ACPI: FACS 0x000000003FFF0200 000040
[    0.000000] ACPI: FACS 0x000000003FFF0200 000040
[    0.000000] ACPI: APIC 0x000000003FFF00 0005C (02 VBOX   VBOXAPIC 00000001 ASL  00000061)
[    0.000000] ACP: SSDT 0x000000003FFF02A0 0001CC (v01 VBOX   VBOXCPUT 00000002 ITL2000528)
[   .00000] No NUMA configuration found
[    0.000000 Faking node at [mem 0x00000000000000-0x00000003ffeffff]
    0.000000] NODE_DAA(0) alcated [mem 0x3feb000x3ffefff]
[    0.000000] kvm-clock: Using msrs 4b564d01 and 4b564d00
[    0.000000] kvm-clock: cpu 0, msr 0:3ffe3001, primary cpu clock
[    0.000000] kvm-clock: using sched offt of 4695690 cycles[   0.0000] clocksource: kvm-clock: mask: 0xffffffffffffffff max_cycles: 0x1cd42e4dffb,max_idle_ns: 8815905948 n
[    000000] Zon ranges:
[    0.0000]   DMA      [mem 0x000000001000-0x00000000fffff]
   0.00000]   DMA32    [mem 0x0000000001000000-0x000000003ffeffff]
    000000]   Normal   ept
[    .0000]   Dvie  empty
   0000000] Movablezone start for each node
[    0.000000] Early memory node ranges
[    0.000000]   node   0: [em0x0000000000001000-0x000000000009efff]
[    0.000000]   node   0: [mem 0x000000000000000-0x000000003ffeffff]
[    0.000000] Initmem setup node 0 [mem 0x0000000000001000-0x000000003ffeffff]
[    0.000000] ACPI: PM-Timer IO Port: 0x40008
[    0.000000] IOAPIC[0]: apic_id 2, version 32, address 0xfec00000, GSI 0-23
[    0.000000] ACPI: INT_SRC_OVR (bus 0 bus_irq 0 global_irq 2 dfl dl)
[    0.00000] CP: INT_SRC_OVR (bus 0 bus_ir 9glbal_irq 9 low level)
[    0.000000] Using ACPI (MADT) for SMP configuaton iformation
   0.00000] smbot:Allowing2 PUs,  htpug CPUs
[    0.000000] PM: Registered nosave memory: [mem 0x00000000-0x00000fff]
[    0.000000] PM: Registered nosave memory: [mem 0x0009f000-0x0009ffff]
[    0.000000] PM: Registered nosave memory: [mem 0x000a0000-0x000effff]
[    0.00000 P: Registere nsae memory: [mem 0x000f0000-0x000fffff]
[    0.000000] e820: [mem 0x40000000-0xfebfffff] available fo PI devices
[    0.000000] ooting aravirtualized kernel on KVM
[    0.000000] clocksource: refined-jiffies: mask: 0xffffffff max_cycles: 0xffffffff, max_idle_ns: 7645519600211568 ns
[    0.000000] setup_percpu: NR_CPUS:512 nr_cpumask_bit:512 nr_cpu_ids:2 r_od_ids:1
[   .000000] PECPU: Embeded 4 pages/cpu @ffff88003fc00000 s99544 r8192 d31528 u1048576
[    0.000000] PV qspinlock hash table entries: 256 (order: 0, 4096 bytes)
[    0.000000] Built 1 zonelists in Node rdr,mobility grouping on.  Toal pages: 27912
[   .00000] Policy zone: DMA32
[    0.000000] Kernel commad line: BOOT_IMAGE=/boot/vmlinuz-4.4.0-130-generic root=LAEL=cloudimg-rootfs ro console=tty1cosoe=ttyS0
[  0.00000 PID hash table entries: 4096 (order:3,32768 yts)
[    0.000000] Memory: 997152K/1048120K availale(846K kernel coe,133K rwdata, 4000K roat, 516K init,136Kbss, 50968K reserved, 0K cma-reseve)
[    .0000] SLUB:HWlin=64, Ordr=-3, MinObjects=0, CPUs=2, Nodes=1
[   0.00000]Kerne/User page tables solation: enabled
[    0.000000] Hierarchical RCU implementaton.
   0.000000 	uid-time adjustment of leaf fanout to 6.[    00000] 	RCU restricting CPUs fm NR_CPUS=512 to r_cpu_ids2.
[    .00000]RC: Ajusting gometry for rcu_fanout_leaf=64, nr_cpu_ids=2
[    0.000000] R_RQS:33024 nr_irqs:440 16
[    0.000000] Console: colour VGA+ 80x25
[    0.000000] console [tty1] enabled
[    0.000000] consle[ttyS0] abled
[   0.000000] tsc: Detected 1599.999 MHz processor
[    5.867476] Calibrating delay loop (skipped) preset value.. 3199.99 BogoMIPS (lpj=6399996)
[    5.877637] pid_max: default: 32768 minimum: 301
[    5.884467] ACPI: Core revision 20150930
[    5.886534] ACPI: 2 ACPI AML tables successfully acquired and loaded
[    5.888280] Security Framework initialized
[    5.889417] Yama: becoming mindful.
[    5.906756] AppArmor: AppArmor initialized
[    5.911916] Dentry cache hash table entries: 131072 (order: 8, 1048576 bytes)
[    5.944615] Inode-cache hash table entries: 65536 (order: 7, 524288 bytes)
[    5.975671] Mount-cache hash table entries: 2048 (order: 2, 16384 bytes)
[    5.977315] Mountpoint-cache hash table entries: 2048 (order: 2, 16384 bytes)
[    6.019045] Initializing cgroup subsys io
[    6.054958] Initializing cgroup subsys memory
[    6.079337] Initializing cgroup subsys devices
[    6.099615] Initializing cgroup subsys freezer
[    6.118733] Initializing cgroup subsys net_cls
[    6.150660] Initializing cgroup subsys perf_event
[    6.174775] Initializing cgroup subsys net_prio
[    6.187574] Initializing cgroup subsys hugetlb
[    6.204699] Initializing cgroup subsys pids
[    6.215252] CPU: Physical Processor ID: 0
[    6.226692] CPU: Processor Core ID: 0
[    6.236269] mce: CPU supports 0 MCE banks
[    6.267000] Last level iTLB entries: 4KB 64, 2MB 8, 4MB 8
[    6.304278] Last level dTLB entries: 4KB 64, 2MB 0, 4MB 0, 1GB 4
[    6.306202] Spectre V2 : Mitigation: Full generic retpoline
[    6.331594] Spectre V2 : Speculation control IBPB not-supported IBRS not-supported
[    6.375587] Speculative Store Bypass: Vulnerable
[    6.406657] Freeing SMP alternatives memory: 32K
[    6.430015] ftrace: allocating 32245 entries in 126 pages
[    6.550778] smpboot: APIC(0) Converting physical 0 to logical package 0
[    6.552747] smpboot: Max logical packages: 1
[    6.554337] x2apic enabled
[    6.556804] Switched APIC routing to physical x2apic.
[    6.559872] ..TIMER: vector=0x30 apic1=0 pin1=2 apic2=-1 pin2=-1
[    6.670698] smpboot: CPU0: Intel(R) Core(TM) i5-5250U CPU @ 1.60GHz (family: 0x6, model: 0x3d, stepping: 0x4)
[    6.675087] Performance Events: unsupported p6 CPU model 61 no PMU driver, software events only.
[    6.679730] KVM setup paravirtual spinlock
[    6.681933] x86: Booting SMP configuration:
[    6.683327] .... node  #0, CPUs:      #1
[    6.684658] kvm-clock: cpu 1, msr 0:3ffe3041, secondary cpu clock
[    6.687066] mce: CPU supports 0 MCE banks
[    6.697220] x86: Booted up 1 node, 2 CPUs
[    6.698887] smpboot: Total of 2 processors activated (6399.99 BogoMIPS)
[    6.701228] devtmpfs: initialized
[    6.704128] evm: security.selinux
[    6.705290] evm: security.SMACK64
[    6.706438] evm: security.SMACK64EXEC
[    6.713617] evm: security.SMACK64TRANSMUTE
[    6.727405] evm: security.SMACK64MMAP
[    6.752921] evm: security.ima
[    6.762402] evm: security.capability
[    6.782240] clocksource: jiffies: mask: 0xffffffff max_cycles: 0xffffffff, max_idle_ns: 7645041785100000 ns
[    6.807804] futex hash table entries: 512 (order: 3, 32768 bytes)
[    6.811168] pinctrl core: initialized pinctrl subsystem
[    6.820786] RTC time: 16:32:33, date: 07/23/18
[    6.873628] NET: Registered protocol family 16
[    6.896553] cpuidle: using governor ladder
[    6.939708] cpuidle: using governor menu
[    6.950890] PCCT header not found.
[    6.957876] ACPI: bus type PCI registered
[    6.964810] acpiphp: ACPI Hot Plug PCI Controller Driver version: 0.5
[    6.985102] PCI: Using configuration type 1 for base access
[    7.001960] ACPI: Added _OSI(Module Device)
[    7.003489] ACPI: Added _OSI(Processor Device)
[    7.004899] ACPI: Added _OSI(3.0 _SCP Extensions)
[    7.006309] ACPI: Added _OSI(Processor Aggregator Device)
[    7.010463] ACPI: Executed 1 blocks of module-level executable AML code
[    7.040813] ACPI: Interpreter enabled
[    7.042604] ACPI: (supports S0 S5)
[    7.052231] ACPI: Using IOAPIC for interrupt routing
[    7.054266] PCI: Using host bridge windows from ACPI; if necessary, use "pci=nocrs" and report a bug
[    7.065673] ACPI: PCI Root Bridge [PCI0] (domain 0000 [bus 00-ff])
[    7.068795] acpi PNP0A03:00: _OSC: OS supports [ASPM ClockPM Segments MSI]
[    7.070762] acpi PNP0A03:00: _OSC: not requesting OS control; OS requires [ExtendedConfig ASPM ClockPM MSI]
[    7.073623] acpi PNP0A03:00: fail to add MMCONFIG information, can't access extended PCI configuration space under this bridge.
[    7.078812] PCI host bridge to bus 0000:00
[    7.080769] pci_bus 0000:00: root bus resource [io  0x0000-0x0cf7 window]
[    7.085107] pci_bus 0000:00: root bus resource [io  0x0d00-0xffff window]
[    7.087076] pci_bus 0000:00: root bus resource [mem 0x000a0000-0x000bffff window]
[    7.089708] pci_bus 0000:00: root bus resource [mem 0x40000000-0xfdffffff window]
[    7.092402] pci_bus 0000:00: root bus resource [bus 00-ff]
[    7.097892] pci 0000:00:01.1: legacy IDE quirk: reg 0x10: [io  0x01f0-0x01f7]
[    7.105551] pci 0000:00:01.1: legacy IDE quirk: reg 0x14: [io  0x03f6]
[    7.107428] pci 0000:00:01.1: legacy IDE quirk: reg 0x18: [io  0x0170-0x0177]
[    7.132288] pci 0000:00:01.1: legacy IDE quirk: reg 0x1c: [io  0x0376]
[    7.173089] pci 0000:00:07.0: quirk: [io  0x4000-0x403f] claimed by PIIX4 ACPI
[    7.182148] pci 0000:00:07.0: quirk: [io  0x4100-0x410f] claimed by PIIX4 SMB
[    7.219810] ACPI: PCI Interrupt Link [LNKA] (IRQs 5 9 10 *11)
[    7.248211] ACPI: PCI Interrupt Link [LNKB] (IRQs 5 9 *10 11)
[    7.267019] ACPI: PCI Interrupt Link [LNKC] (IRQs 5 *9 10 11)
[    7.280432] ACPI: PCI Interrupt Link [LNKD] (IRQs 5 9 10 *11)
[    7.294683] ACPI: Enabled 2 GPEs in block 00 to 07
[    7.302842] vgaarb: setting as boot device: PCI:0000:00:02.0
[    7.312165] vgaarb: device added: PCI:0000:00:02.0,decodes=io+mem,owns=io+mem,locks=none
[    7.328512] vgaarb: loaded
[    7.337639] vgaarb: bridge control possible 0000:00:02.0
[    7.342285] SCSI subsystem initialized
[    7.357899] ACPI: bus type USB registered
[    7.359555] usbcore: registered new interface driver usbfs
[    7.377822] usbcore: registered new interface driver hub
[    7.395988] usbcore: registered new device driver usb
[    7.400760] PCI: Using ACPI for IRQ routing
[    7.402633] NetLabel: Initializing
[    7.403754] NetLabel:  domain hash size = 128
[    7.408493] NetLabel:  protocols = UNLABELED CIPSOv4
[    7.432816] NetLabel:  unlabeled traffic allowed by default
[    7.449702] amd_nb: Cannot enumerate AMD northbridges
[    7.471689] clocksource: Switched to clocksource kvm-clock
[    .48444] AppArmor: AppArmor Filesystem Enabled[    7.607996] pnp: PP CPI nit
[   .7240] np: PnPACPI: fun 3deices

[   8.041009] clocksource: acpi_pm: mask: 0xffffff ma_cycles:0xffff mx_idl_ns: 2085701024 ns
[    8.297970] NET: Registered protocol family 2
[    8.299679] T etalihed hash table entries: 8192 (order: 4, 65536 bytes)
[    8.444811] TCP bind hash table entries: 8192 (order: 5, 131072 bytes)
[    8446726] TP:Hash tabescofiurd (stblished 8192 bind 8192)
[   .7349 UDP sh taleenris: 52 orer: 2, 16384 bytes)
[    9.126738] UDP-Lite hash table entries: 512 (order: 2, 16384 bytes)
[    9.128768] NET: Registered protocol family 1
[    9.131258] pci 0000:00:00.0: Limiting direct PCI/PCI transfers
[    9.133445] pci 0000:00:01.0: Ativating ISA A hang workarounds
[    9.29653] Unpacking initramfs...

[    9.830645] Freeing initrd memory: 15364K
[  9.3720 RAPL PM detected, API unit s ^-2 Joules, 4 fixed counters 10737418240 ms ovfl timer
[   10.128248] hw unit of domain pp0-core 2^-0 Joules
[   10.129471] hw unit of domain package 2^-0 Joules
[   10.130687] hw unit of domainra 2-0 oules
[   10.296592] hw unit of domain pp1-gpu 2^-0 Joules
[   10.298518] platform rtc_cmos: registered platform RTC device (no PNP device found)
[   10.314374] Scanning for low memory corruption every 60 seconds
[   10.325818] audit: initializing netlink subsys (disabled)
[   10.335766] audit: type=2000 audit(1532363555.964:1): initialized
[   10.345221] Initialise system trusted keyring
[   10.352254] HugeTLB registered 2 MB page size, pre-allocated 0 pages
[   10.375757] zbud: loaded
[   10.378643] VFS: Disk quotas dquot_6.6.0
[   10.390062] VFS: Dquot-cache hash table entries: 512 (order 0, 4096 bytes)
[   10.392545] squashfs: version 4.0 (2009/01/31) Phillip Lougher
[   10.425224] fuse nit (API version 7.23)
[  1.4554]Key type big_key registered
[  106439] Allocating IMA MOK and blacklist keyrings.

[   10.748024] Key type asymmetric registered
[   10.749234] Asymmetric key parser 'x509' registered
[   10.750627] Block layer SCSI generic (bsg) driver version 0.4 loaded (major 249)
[   10.752884] io scheduler noop registered
[   10.754029] io scheduler deadline registered (default)
[   10.755468] io scheduler cfq registered
[   10.756878] pci_hotplug: PCI Hot Plug PCI Core version: 0.5
[   10.765564] pciehp: PCI Express Hot Plug Controller Driver version: 0.4
[   10.780110] ACPI: AC Adapter [AC] (off-line)
[   10.781495] input: Power Button as /devices/LNXSYSTM:00/LNXPWRBN:00/input/input0
[   10.786138] ACPI: Power Button [PWRF]
[   10.787975] input: Sleep Button as /devices/LNXSYSTM:00/LNXSLPBN:00/input/input1
[   10.794235] ACPI: Sleep Button [SLPF]
[   10.795830] GHES: HEST is not enabled!
[   10.797268] ACPI: Battery Slot [BAT0] (battery present)
[   10.810110] Serial: 8250/16550 driver, 32 ports, IRQ sharing enabled
[   10.836680] 00:02: ttyS0 at I/O 0x3f8 (irq = 4, base_baud = 115200) is a 16550A
[   10.844399] Linux agpgart interface v0.103
[   10.897093] loop: module loaded
[   10.914987] scsi host0: ata_piix
[   10.922551] scsi host1: ata_piix
[   10.940268] ata1: PATA max UDMA/33 cmd 0x1f0 ctl 0x3f6 bmdma 0xd000 irq 14
[   10.944297] ata2: PATA max UDMA/33 cmd 0x170 ctl 0x376 bmdma 0xd008 irq 15
[   10.962825] libphy: Fixed MDIO Bus: probed
[   10.972768] tun: Universal TUN/TAP device driver, 1.6
[   10.979533] tun: (C) 1999-2004 Max Krasnyansky <maxk@qualcomm.com>
[   11.009537] PPP generic driver version 2.4.2
[   11.024674] ehci_hcd: USB 2.0 'Enhanced' Host Controller (EHCI) Driver
[   11.033932] ehci-pci: EHCI PCI platform driver
[   11.051434] ehci-platform: EHCI generic platform driver
[   11.062542] ohci_hcd: USB 1.1 'Open' Host Controller (OHCI) Driver
[   11.065456] ohci-pci: OHCI PCI platform driver
[   11.066765] ohci-platform: OHCI generic platform driver
[   11.075226] uhci_hcd: USB Universal Host Controller Interface driver
[   11.078402] i8042: PNP: PS/2 Controller [PNP0303:PS2K,PNP0f03:PS2M] at 0x60,0x64 irq 1,12
[   11.091897] serio: i8042 KBD port at 0x60,0x64 irq 1
[   11.102787] serio: i8042 AUX port at 0x60,0x64 irq 12
[   11.107664] mousedev: PS/2 mouse device common for all mice
[   11.112274] rtc_cmos rtc_cmos: rtc core: registered rtc_cmos as rtc0
[   11.119644] rtc_cmos rtc_cmos: alarms up to one day, 114 bytes nvram
[   11.127903] input: AT Translated Set 2 keyboard as /devices/platform/i8042/serio0/input/input2
[   11.132757] i2c /dev entries driver
[   11.133086] device-mapper: uevent: version 1.0.3
[   11.145108] device-mapper: ioctl: 4.34.0-ioctl (2015-10-28) initialised: dm-devel@redhat.com
[   11.155424] ledtrig-cpu: registered to indicate activity on CPUs
[   11.170675] NET: Registered protocol family 10
[   11.197082] NET: Registered protocol family 17
[   11.212591] Key type dns_resolver registered
[   11.229634] registered taskstats version 1
[   11.237001] Loading compiled-in X.509 certificates
[   11.238918] Loaded X.509 cert 'Build time autogenerated kernel key: b3e0fe4bcd6378c38a2c0a4648abbc1fa5043a22'
[   11.249088] zswap: loaded using pool lzo/zbud
[   11.256614] Key type trusted registered
[   11.266595] Key type encrypted registered
[   11.269756] AppArmor: AppArmor sha1 policy hashing enabled
[   11.271137] ima: No TPM chip found, activating TPM-bypass!
[   11.273035] ima: Allocated hash algorithm: sha1
[   11.274982] evm: HMAC attrs: 0x1
[   11.277149]   Magic number: 10:908:540
[   11.278684]  node: hash matches
[   11.279891] rtc_cmos rtc_cmos: setting system clock to 2018-07-23 16:32:37 UTC (1532363557)
[   11.282215] BIOS EDD facility v0.16 2004-Jun-25, 0 devices found
[   11.300924] EDD information not available.
[   11.316819] tsc: Refined TSC clocksource calibration: 1600.071 MHz
[   11.336627] clocksource: tsc: mask: 0xffffffffffffffff max_cycles: 0x171067fd458, max_idle_ns: 440795240425 ns
[   11.379792] Freeing unused kernel memory: 1516K
[   11.428017] Write protecting the kernel read-only data: 14336k
[   11.440900] Freeing unused kernel memory: 1680K
[   11.448977] Freeing unused kernel memory: 96K
Loading, please wait...
starting version[   11.485912] random: systemd-udevd: uninitialized urandom read (16 bytes read, 5 bits of entropy available)
 229
[   11.487306] random: udevadm: uninitialized urandom read (16 bytes read, 5 bits of entropy available)
[   11.487345] random: udevadm: uninitialized urandom read (16 bytes read, 5 bits of entropy available)
[   11.502859] random: udevadm: uninitialized urandom read (16 bytes read, 5 bits of entropy available)
[   11.502939] random: udevadm: uninitialized urandom read (16 bytes read, 5 bits of entropy available)
[   11.503755] random: udevadm: uninitialized urandom read (16 bytes read, 5 bits of entropy available)
[   11.503913] random: udevadm: uninitialized urandom read (16 bytes read, 5 bits of entropy available)
[   11.504010] random: udevadm: uninitialized urandom read (16 bytes read, 5 bits of entropy available)
[   11.504110] random: udevadm: uninitialized urandom read (16 bytes read, 5 bits of entropy available)
[   11.504204] random: udevadm: uninitialized urandom read (16 bytes read, 5 bits of entropy available)
[   11.823807] e1000: Intel(R) PRO/1000 Network Driver - version 7.3.21-k8-NAPI
[   11.826056] e1000: Copyright (c) 1999-2006 Intel Corporation.
[   11.837025] Fusion MPT base driver 3.04.20
[   11.838125] Copyright (c) 1999-2008 LSI Corporation
[   11.853971] Fusion MPT SPI Host driver 3.04.20
[   11.870259] AVX2 version of gcm_enc/dec engaged.
[   11.871631] AES CTR mode by8 optimization enabled
[   12.043861] input: ImExPS/2 Generic Explorer Mouse as /devices/platform/i8042/serio1/input/input4
[   12.193774] e1000 0000:00:03.0 eth0: (PCI:33MHz:32-bit) 02:c5:fa:e6:4f:6d
[   12.222121] e1000 0000:00:03.0 eth0: Intel(R) PRO/1000 Network Connection
[   12.732148] e1000 0000:00:08.0 eth1: (PCI:33MHz:32-bit) 08:00:27:9a:2b:25
[   12.759481] e1000 0000:00:08.0 eth1: Intel(R) PRO/1000 Network Connection
[   12.763570] e1000 0000:00:03.0 enp0s3: renamed from eth0
[   12.810382] mptbase: ioc0: Initiating bringup
[   12.824360] e1000 0000:00:08.0 enp0s8: renamed from eth1
[   12.880519] ioc0: LSI53C1030 A0: Capabilities={Initiator}
[   13.092060] scsi host2: ioc0: LSI53C1030 A0, FwRev=00000000h, Ports=1, MaxQ=256, IRQ=20
[   13.324784] scsi 2:0:0:0: Direct-Access     VBOX     HARDDISK         1.0  PQ: 0 ANSI: 5
[   13.353699] scsi target2:0:0: Beginning Domain Validation
[   13.395683] scsi target2:0:0: Domain Validation skipping write tests
[   13.397036] scsi target2:0:0: Ending Domain Validation
[   13.413829] scsi target2:0:0: asynchronous
[   13.441457] scsi 2:0:1:0: Direct-Access     VBOX     HARDDISK         1.0  PQ: 0 ANSI: 5
[   13.545349] scsi target2:0:1: Beginning Domain Validation
[   13.595492] scsi target2:0:1: Domain Validation skipping write tests
[   13.596826] scsi target2:0:1: Ending Domain Validation
[   13.652634] scsi target2:0:1: asynchronous
[   13.664962] sd 2:0:0:0: Attached scsi generic sg0 type 0
[   13.673676] sd 2:0:0:0: [sda] 20971520 512-byte logical blocks: (10.7 GB/10.0 GiB)
[   13.676257] sd 2:0:1:0: Attached scsi generic sg1 type 0
[   13.676696] sd 2:0:1:0: [sdb] 20480 512-byte logical blocks: (10.5 MB/10.0 MiB)
[   13.676875] sd 2:0:1:0: [sdb] Write Protect is off
[   13.676994] sd 2:0:1:0: [sdb] Incomplete mode parameter data
[   13.676996] sd 2:0:1:0: [sdb] Assuming drive cache: write through
[   13.681610] sd 2:0:1:0: [sdb] Attached SCSI disk
[   13.688055] sd 2:0:0:0: [sda] Write Protect is off
[   13.688266] sd 2:0:0:0: [sda] Incomplete mode parameter data
[   13.688268] sd 2:0:0:0: [sda] Assuming drive cache: write through
[   13.691309]  sda: sda1
[   13.692720] sd 2:0:0:0: [sda] Attached SCSI disk
Begin: Loading e[   15.248584] md: linear personality registered for level -1
ssential drivers[   15.292256] md: multipath personality registered for level -4
 ... [   15.299788] md: raid0 personality registered for level 0
[   15.307326] md: raid1 personality registered for level 1
[   15.379745] raid6: sse2x1   gen()  7869 MB/s
[   15.451920] raid6: sse2x1   xor()  5637 MB/s
[   15.535902] raid6: sse2x2   gen()  9356 MB/s
[   15.611915] raid6: sse2x2   xor()  6403 MB/s
[   15.691896] raid6: sse2x4   gen() 10987 MB/s
[   15.775913] raid6: sse2x4   xor()  7581 MB/s
[   15.875892] raid6: avx2x1   gen() 14205 MB/s
[   15.959757] raid6: avx2x2   gen() 14025 MB/s
[   16.031731] raid6: avx2x4   gen() 13094 MB/s
[   16.056823] raid6: using algorithm avx2x1 gen() 14205 MB/s
[   16.077775] raid6: using avx2x2 recovery algorithm
[   16.101773] xor: automatically using best checksumming function:
[   16.163833]    avx       : 23901.000 MB/sec
[   16.190130] async_tx: api initialized (async)
[   16.229528] md: raid6 personality registered for level 6
[   16.231327] md: raid5 personality registered for level 5
[   16.274685] md: raid4 personality registered for level 4
[   16.311262] md: raid10 personality registered for level 10
done.
Begin: Running /scripts/init-premount ... done.
Begin: Mounting root file system ... Begin: Running /scripts/local-top ... done.
Begin: Running /scripts/local-[   16.364414] Btrfs loaded
premount ... Scanning for Btrfs filesystems
done.
Warning: fsck not present, so skipping root file system
[   16.475544] EXT4-fs (sda1): mounted filesystem with ordered data mode. Opts: (null)
done.
Begin: Running /scripts/local-bottom ... done.
Begin: Running /scripts/init-bottom ... done.
[   16.894227] systemd[1]: systemd 229 running in system mode. (+PAM +AUDIT +SELINUX +IMA +APPARMOR +SMACK +SYSVINIT +UTMP +LIBCRYPTSETUP +GCRYPT +GNUTLS +ACL +XZ -LZ4 +SECCOMP +BLKID +ELFUTILS +KMOD -IDN)
[   16.945952] systemd[1]: Detected virtualization oracle.
[   16.972938] systemd[1]: Detected architecture x86-64.

Welcome to [1mUbuntu 16.04.5 LTS[0m!

[   17.033611] systemd[1]: Set hostname to <ubuntu-xenial>.
[   17.807255] systemd[1]: Created slice System Slice.
[[0;32m  OK  [0m] Created slice System Slice.
[   17.915114] systemd[1]: Started Forward Password Requests to Wall Directory Watch.
[[0;32m  OK  [0m] Started Forward Password Requests to Wall Directory Watch.
[   18.048431] systemd[1]: Listening on udev Control Socket.
[[0;32m  OK  [0m] Listening on udev Control Socket.
[   18.117816] systemd[1]: Listening on Device-mapper event daemon FIFOs.
[[0;32m  OK  [0m] Listening on Device-mapper event daemon FIFOs.
[   18.220558] systemd[1]: Listening on Journal Socket.
[[0;32m  OK  [0m] Listening on Journal Socket.
[   18.240057] systemd[1]: Starting Load Kernel Modules...
         Starting Load Kernel Modules...
[   18.259347] systemd[1]: Mounting Debug File System...
[   18.278378] Loading iSCSI transport class v2.0-870.
         Mounting Debug File System...
[   18.313719] iscsi: registered transport (tcp)
[   18.317129] systemd[1]: Mounting POSIX Message Queue File System...
         Mounting POSIX Message Queue File System...
[   18.365215] systemd[1]: Starting Create list of required static device nodes for the current kernel...
         Startin[   18.379371] random: nonblocking pool is initialized
g Create list of required st... nodes for the current kernel...
[   18.424166] systemd[1]: Starting Remount Root and Kernel File Systems...
[   18.435055] iscsi: registered transport (iser)
[   18.436573] EXT4-fs (sda1): re-mounted. Opts: (null)
         Starting Remount Root and Kernel File Systems...
[   18.440998] systemd[1]: Mounting Huge Pages File System...
         Mounting Huge Pages File System...
[   18.529342] systemd[1]: Created slice system-serial\x2dgetty.slice.
[[0;32m  OK  [0m] Created slice system-serial\x2dgetty.slice.
[   18.637853] systemd[1]: Set up automount Arbitrary Executable File Formats File System Automount Point.
[[0;32m  OK  [0m] Set up automount Arbitrary Executab...ats File System Automount Point.
[   18.748100] systemd[1]: Starting Nameserver information manager...
         Starting Nameserver information manager...
[   18.776277] systemd[1]: Reached target System Time Synchronized.
[[0;32m  OK  [0m] Reached target System Time Synchronized.
[   18.819905] systemd[1]: Started Trigger resolvconf update for networkd DNS.
[[0;32m  OK  [0m] Started Trigger resolvconf update for networkd DNS.
[   18.912556] systemd[1]: Listening on udev Kernel Socket.
[[0;32m  OK  [0m] Listening on udev Kernel Socket.
[   19.013101] systemd[1]: Listening on Journal Audit Socket.
[[0;32m  OK  [0m] Listening on Journal Audit Socket.
[   19.144129] systemd[1]: Listening on /dev/initctl Compatibility Named Pipe.
[[0;32m  OK  [0m] Listening on /dev/initctl Compatibility Named Pipe.
[   19.232886] systemd[1]: Listening on LVM2 poll daemon socket.
[[0;32m  OK  [0m] Listening on LVM2 poll daemon socket.
[   19.268665] systemd[1]: Listening on LVM2 metadata daemon socket.
[[0;32m  OK  [0m] Listening on LVM2 metadata daemon socket.
[   19.352150] systemd[1]: Starting Monitoring of LVM2 mirrors, snapshots etc. using dmeventd or progress polling...
         Starting Monitoring of LVM2 mirrors... dmeventd or progress polling...
[   19.369009] systemd[1]: Starting Set console keymap...
         Starting Set console keymap...
[   19.416024] systemd[1]: Listening on Syslog Socket.
[[0;32m  OK  [0m] Listening on Syslog Socket.
[   19.453091] systemd[1]: Reached target Swap.
[[0;32m  OK  [0m] Reached target Swap.
[   19.480300] systemd[1]: Reached target Encrypted Volumes.
[[0;32m  OK  [0m] Reached target Encrypted Volumes.
[   19.504263] systemd[1]: Listening on Journal Socket (/dev/log).
[[0;32m  OK  [0m] Listening on Journal Socket (/dev/log).
[   19.616282] systemd[1]: Starting Journal Service...
         Starting Journal Service...
[   19.640299] systemd[1]: Reached target User and Group Name Lookups.
[[0;32m  OK  [0m] Reached target User and Group Name Lookups.
[   19.689628] systemd[1]: Created slice User and Session Slice.
[[0;32m  OK  [0m] Created slice User and Session Slice.
[   19.732523] systemd[1]: Reached target Slices.
[[0;32m  OK  [0m] Reached target Slices.
[   19.804140] systemd[1]: Starting Uncomplicated firewall...
         Starting Uncomplicated firewall...
[   19.826088] systemd[1]: Mounted POSIX Message Queue File System.
[[0;32m  OK  [0m] Mounted POSIX Message Queue File System.
[   19.838556] systemd[1]: Mounted Huge Pages File System.
[[0;32m  OK  [0m] Mounted Huge Pages File System.
[   19.876701] systemd[1]: Mounted Debug File System.
[[0;32m  OK  [0m] Mounted Debug File System.
[   19.879566] systemd[1]: Started Journal Service.
[[0;32m  OK  [0m] Started Journal Service.
[[0;32m  OK  [0m] Started Load Kernel Modules.
[[0;32m  OK  [0m] Started Create list of required sta...ce nodes for the current kernel.
[[0;32m  OK  [0m] Started Remount Root and Kernel File Systems.
[[0;32m  OK  [0m] Started Set console keymap.
[[0;32m  OK  [0m] Started Uncomplicated firewall.
[[0;32m  OK  [0m] Started Nameserver information manager.
[[0;32m  OK  [0m] Started LVM2 metadata daemon.
         Starting udev Coldplug all Devices...
         Starting Load/Save Random Seed...
         Starting Create Static Device Nodes in /dev...
         Mounting FUSE Control File System...
         Starting Apply Kernel Variables...
         Starting Flush Journal to Persistent Storage...
[[0;32m  OK  [0m] Mounted FUSE Control File System.
[[0;32m  OK  [0m] Started Load/Save Random Seed.
[[0;32m  OK  [0m] Started Create Static Device Nodes in /dev.
[[0;32m  OK  [0m] Started Apply Kernel Variables.
[[0;32m  OK  [0m] Started udev Coldplug all Devices.
[[0;32m  OK  [0m] Started Flush Journal to Persistent Storage.
         Starting udev Kernel Device Manager...
[[0;32m  OK  [0m] Started Monitoring of LVM2 mirrors,...ng dmeventd or progress polling.
[[0;32m  OK  [0m] Started udev Kernel Device Manager.
[[0;32m  OK  [0m] Reached target Local File Systems (Pre).
[[0;32m  OK  [0m] Reached target Local File Systems.
         Starting LSB: AppArmor initialization...
         Starting Create Volatile Files and Directories...
         Starting Initial cloud-init job (pre-networking)...
         Starting Set console font and keymap...
         Starting Tell Plymouth To Write Out Runtime Data...
[[0;32m  OK  [0m] Started Dispatch Password Requests to Console Directory Watch.
[[0;32m  OK  [0m] Started Tell Plymouth To Write Out Runtime Data.
[[0;32m  OK  [0m] Started Create Volatile Files and Directories.
         Starting Update UTMP about System Boot/Shutdown...
[[0;32m  OK  [0m] Started Update UTMP about System Boot/Shutdown.
[[0;32m  OK  [0m] Found device /dev/ttyS0.
[[0;32m  OK  [0m] Started LSB: AppArmor initialization.
[[0;32m  OK  [0m] Listening on Load/Save RF Kill Switch Status /dev/rfkill Watch.
[[0;32m  OK  [0m] Found device 82540EM Gigabit Ethern...r (PRO/1000 MT Desktop Adapter).
[[0;32m  OK  [0m] Found device 82540EM Gigabit Ethern...r (PRO/1000 MT Desktop Adapter).
[[0;32m  OK  [0m] Started Set console font and keymap.
[[0;32m  OK  [0m] Created slice system-getty.slice.
[   16.556200] cloud-init[484]: Cloud-init v. 18.2 running 'init-local' at Mon, 23 Jul 2018 16:32:49 +0000. Up 15.95 seconds.
[[0;32m  OK  [0m] Started Initial cloud-init job (pre-networking).
[[0;32m  OK  [0m] Reached target Network (Pre).
         Starting Raise network interfaces...
[[0;32m  OK  [0m] Started ifup for enp0s3.
[[0;32m  OK  [0m] Started ifup for enp0s8.
[[0;32m  OK  [0m] Started Raise network interfaces.
[[0;32m  OK  [0m] Reached target Network.
         Starting Initial cloud-init job (metadata service crawler)...
[   18.045917] cloud-init[1058]: Cloud-init v. 18.2 running 'init' at Mon, 23 Jul 2018 16:32:50 +0000. Up 17.41 seconds.
[   18.109082] cloud-init[1058]: ci-info: ++++++++++++++++++++++++++++++++++++++Net device info++++++++++++++++++++++++++++++++++++++
[[0;32m  OK  [0m] Started Initial cloud-init job (metadata service crawler).
[[0;32m  OK  [0m] Reached target System Initialization.
[[0;32m  OK  [0m] Listening on UUID daemon activation socket.
[[0;32m  OK  [0m] Listening on D-Bus System Message Bus Socket.
[   18.191789] cloud-init[1058]: ci-info: +--------+------+-----------------------------+---------------+-------+-------------------+
[   18.227142]          Starting Socket activation for snappy daemon.
cloud-init[1058]: ci-info: | Device |  Up  |           Address           |      Mask     | Scope |     Hw-Address    |
[   18.238142]          Starting LXD - unix socket.
[[0;32m  OK  [0m] Listening on ACPID Listen Socket.
[[0;32m  OK  [0m] Started Daily Cleanup of Temporary Directories.
cloud-init[1058]: ci-info: +--------+------+-----------------------------+---------------+-------+-------------------+
[   18.296595] [cloud-init[0;32m  OK  [0m[1058]: ] ci-info: | enp0s3 | True |          10.0.2.15          | 255.255.255.0 |   .   | 02:c5:fa:e6:4f:6d |Started Daily apt download activities.

[   18.297421] [[0;32m  OK  [0m] Started Daily apt upgrade and clean activities.
[[0;32m  OK  [0m] Reached target Timers.
cloud-init[1058]: ci-info: | enp0s3 | True |  fe80::c5:faff:fee6:4f6d/64 |       .       |  link | 02:c5:fa:e6:4f:6d |
[[0;32m  OK  [0m] Started ACPI Events Check.
[   18.444148] [cloud-init[0;32m  OK  [0m[1058]: ] ci-info: | enp0s8 | True |        192.168.10.101       | 255.255.255.0 |   .   | 08:00:27:9a:2b:25 |Reached target Paths.

[   18.581139] [[0;32m  OK  [0m] Reached target Cloud-config availability.
[[0;32m  OK  [0m] Reached target Network is Online.
cloud-init[1058]: ci-info: | enp0s8 | True | fe80::a00:27ff:fe9a:2b25/64 |       .       |  link | 08:00:27:9a:2b:25 |
[   18.588500] cloud-init[1058]: ci-info: |   lo   | True |          127.0.0.1          |   255.0.0.0   |   .   |         .         |
[   18.617677]          Starting iSCSI initiator daemon (iscsid)...
[[0;32m  OK  [0m] Listening on Socket activation for snappy daemon.
[[0;32m  OK  [0m] Listening on LXD - unix socket.
cloud-init[1058]: ci-info: |   lo   | True |           ::1/128           |       .       |  host |         .         |
[   18.656849] [[0;32m  OK  [0m] Reached target Sockets.
[[0;32m  OK  [0m] Reached target Basic System.
cloud-init[1058]: ci-info: +--------+------+-----------------------------+---------------+-------+-------------------+
[   18.728367]          Starting LXD - container startup/shutdown...
cloud-init[1058]: ci-info: ++++++++++++++++++++++++++++Route IPv4 info++++++++++++++++++++++++++++
[   18.788844] [[0;32m  OK  [0m] Started Deferred execution scheduler.
cloud-init[1058]: ci-info: +-------+--------------+----------+---------------+-----------+-------+
[   18.865009]          Starting Login Service...
cloud-init[1058]: ci-info: | Route | Destination  | Gateway  |    Genmask    | Interface | Flags |
[   18.948293]          Starting Virtualbox guest utils...
cloud-init[1058]: ci-info: +-------+--------------+----------+---------------+-----------+-------+
[   18.992481] [cloud-init[0;32m  OK  [0m[1058]: ] ci-info: |   0   |   0.0.0.0    | 10.0.2.2 |    0.0.0.0    |   enp0s3  |   UG  |Started Regular background program processing daemon.

[   18.993600] cloud-init[1058]: ci-info: |   1   |   10.0.2.0   | 0.0.0.0  | 255.255.255.0 |   enp0s3  |   U   |
[   19.137408]          Starting LSB: MD monitoring daemon...
cloud-init[1058]: ci-info: |   2   | 192.168.10.0 | 0.0.0.0  | 255.255.255.0 |   enp0s8  |   U   |
[   19.208567]          Starting OpenBSD Secure Shell server...
cloud-init[1058]: ci-info: +-------+--------------+----------+---------------+-----------+-------+
         Starting Snappy daemon...
[[0;32m  OK  [0m] Started FUSE filesystem for LXC.
[[0;32m  OK  [0m] Started ACPI event daemon.
         Starting /etc/rc.local Compatibility...
[[0;32m  OK  [0m] Started Unattended Upgrades Shutdown.
         Starting System Logging Service...
         Starting Accounts Service...
[[0;32m  OK  [0m] Started D-Bus System Message Bus.
         Starting Apply the settings specified in cloud-config...
         Starting A high performance web server and a reverse proxy server...
         Starting LSB: Record successful boot for GRUB...
[[0;32m  OK  [0m] Started OpenBSD Secure Shell server.
[[0;32m  OK  [0m] Started System Logging Service.
[[0;32m  OK  [0m] Started iSCSI initiator daemon (iscsid).
[[0;32m  OK  [0m] Started LXD - container startup/shutdown.
[[0;32m  OK  [0m] Started /etc/rc.local Compatibility.
[[0;32m  OK  [0m] Started Snappy daemon.
[[0;32m  OK  [0m] Started LSB: MD monitoring daemon.
[[0;32m  OK  [0m] Started Login Service.
         Starting Authenticate and Authorize Users to Run Privileged Tasks...
         Starting Wait until snapd is fully seeded...
         Starting Login to default iSCSI targets...
[[0;32m  OK  [0m] Started LSB: Record successful boot for GRUB.
[[0;32m  OK  [0m] Started A high performance web server and a reverse proxy server.
[[0;32m  OK  [0m] Started Authenticate and Authorize Users to Run Privileged Tasks.
[[0;32m  OK  [0m] Started Login to default iSCSI targets.
[[0;32m  OK  [0m] Started Accounts Service.
[[0;32m  OK  [0m] Reached target Remote File Systems (Pre).
[[0;32m  OK  [0m] Reached target Remote File Systems.
         Starting LSB: Set the CPU Frequency Scaling governor to "ondemand"...
         Starting LSB: daemon to balance interrupts for SMP systems...
         Starting Permit User Sessions...
         Starting LSB: automatic crash report generation...
[[0;32m  OK  [0m] Started Virtualbox guest utils.
[[0;32m  OK  [0m] Started Wait until snapd is fully seeded.
[[0;32m  OK  [0m] Started Permit User Sessions.
[[0;32m  OK  [0m] Started LSB: Set the CPU Frequency Scaling governor to "ondemand".
         Starting Hold until boot process finishes up...
         Starting Terminate Plymouth Boot Screen...
[[0;32m  OK  [0m] Started Hold until boot process finishes up.
[[0;32m  OK  [0m] Started Terminate Plymouth Boot Screen.
[[0;32m  OK  [0m] Started LSB: daemon to balance interrupts for SMP systems.
[[0;32m  OK  [0m] Started LSB: automatic crash report generation.
[[0;32m  OK  [0m] Created slice User Slice of vagrant.
[[0;32m  OK  [0m] Started Session 1 of user vagrant.
         Starting User Manager for UID 1000...
[[0;32m  OK  [0m] Started Serial Getty on ttyS0.
[[0;32m  OK  [0m] Started Getty on tty1.
[[0;32m  OK  [0m] Reached target Login Prompts.
[[0;32m  OK  [0m] Reached target Multi-User System.
[[0;32m  OK  [0m] Reached target Graphical Interface.
         Starting Update UTMP about System Runlevel Changes...
         Starting Set console scheme...
[[0;32m  OK  [0m] Started User Manager for UID 1000.
[[0;32m  OK  [0m] Started Set console scheme.
[[0;32m  OK  [0m] Started Update UTMP about System Runlevel Changes.
[   21.035486] cloud-init[1172]: Cloud-init v. 18.2 running 'modules:config' at Mon, 23 Jul 2018 16:32:53 +0000. Up 20.81 seconds.
[[0;32m  OK  [0m] Started Apply the settings specified in cloud-config.
         Starting Execute cloud user/final scripts...
[   21.755166] cloud-init[1346]: Cloud-init v. 18.2 running 'modules:final' at Mon, 23 Jul 2018 16:32:54 +0000. Up 21.50 seconds.
[   21.776438] cloud-init[1346]: Cloud-init v. 18.2 finished at Mon, 23 Jul 2018 16:32:54 +0000. Datasource DataSourceNoCloud [seed=/dev/sdb][dsmode=net].  Up 21.74 seconds
[[0;32m  OK  [0m] Started Execute cloud user/final scripts.
[[0;32m  OK  [0m] Reached target Cloud-init target.

Ubuntu 16.04.5 LTS ubuntu-xenial ttyS0

ubuntu-xenial login: 